===== ANALYST ling3 2026-08-07 18:32:56 UTC =====
[91m[1mError: [0m{
  "name": "UnknownError",
  "data": {
    "message": "Unexpected server error. Check server logs for details.",
    "ref": "err_f8116e07"
  }
}
===== ANALYST ling3 2026-08-07 18:56:31 UTC =====
[91m[1mError: [0m{
  "name": "UnknownError",
  "data": {
    "message": "Unexpected server error. Check server logs for details.",
    "ref": "err_5690090e"
  }
}
===== ANALYST ling3 2026-08-07 19:26:08 UTC =====
[91m[1mError: [0m{
  "name": "UnknownError",
  "data": {
    "message": "Unexpected server error. Check server logs for details.",
    "ref": "err_18ba8b1b"
  }
}
===== ANALYST ling3 2026-08-07 20:15:16 UTC =====
[91m[1mError: [0m{
  "name": "UnknownError",
  "data": {
    "message": "Unexpected server error. Check server logs for details.",
    "ref": "err_07fb8c48"
  }
}
